C:\Users\behap\.gemini\antigravity\scratch\economics_bot\test_gemini.py:3: FutureWarning: 

All support for the `google.generativeai` package has ended. It will no longer be receiving 
updates or bug fixes. Please switch to the `google.genai` package as soon as possible.
See README for more details:

https://github.com/google-gemini/deprecated-generative-ai-python/blob/main/README.md

  import google.generativeai as genai
API Key loaded: AIzaSyAIz8... (Length: 39)
Listing available models...
models/gemini-2.5-flash
models/gemini-2.5-pro
models/gemini-2.0-flash
models/gemini-2.0-flash-001
models/gemini-2.0-flash-exp-image-generation
models/gemini-2.0-flash-lite-001
models/gemini-2.0-flash-lite
models/gemini-exp-1206
models/gemini-2.5-flash-preview-tts
models/gemini-2.5-pro-preview-tts
models/gemma-3-1b-it
models/gemma-3-4b-it
models/gemma-3-12b-it
models/gemma-3-27b-it
models/gemma-3n-e4b-it
models/gemma-3n-e2b-it
models/gemini-flash-latest
models/gemini-flash-lite-latest
models/gemini-pro-latest
models/gemini-2.5-flash-lite
models/gemini-2.5-flash-image
models/gemini-2.5-flash-preview-09-2025
models/gemini-2.5-flash-lite-preview-09-2025
models/gemini-3-pro-preview
models/gemini-3-flash-preview
models/gemini-3-pro-image-preview
models/nano-banana-pro-preview
models/gemini-robotics-er-1.5-preview
models/gemini-2.5-computer-use-preview-10-2025
models/deep-research-pro-preview-12-2025

Testing generation with gemini-1.5-pro...
GenerativeModel Error: 404 models/gemini-1.5-pro is not found for API version v1beta, or is not supported for generateContent. Call ListModels to see the list of available models and their supported methods.
